+-[ RECORD 1 ]-+
| z | x        |
+---+----------+


